../Core/Src/main.c:93:19:ESP_SendCmd	288	static
../Core/Src/main.c:125:6:ESP_ReadResponse	264	static
../Core/Src/main.c:134:6:ESP_BT_ConnectToDevice	80	static
../Core/Src/main.c:144:6:ESP_BT_StartScan	8	static
../Core/Src/main.c:152:6:ESP32_Bluetooth_Init	8	static
../Core/Src/main.c:220:6:ESP_SetBaudRate_115200	8	static
../Core/Src/main.c:244:5:main	8	static
../Core/Src/main.c:313:6:SystemClock_Config	88	static
../Core/Src/main.c:370:13:MX_ETH_Init	8	static
../Core/Src/main.c:419:13:MX_I2C1_Init	8	static
../Core/Src/main.c:467:13:MX_USART3_UART_Init	8	static
../Core/Src/main.c:502:13:MX_USART6_UART_Init	8	static
../Core/Src/main.c:537:13:MX_USB_OTG_FS_PCD_Init	8	static
../Core/Src/main.c:572:13:MX_GPIO_Init	56	static
../Core/Src/main.c:632:6:Error_Handler	4	static,ignoring_inline_asm
